// Jest Snapshot v1, https://goo.gl/fbAQLP

exports[`test About renders 1`] = `undefined`;
