// Jest Snapshot v1, https://goo.gl/fbAQLP

exports[`test AnswerPage renders 1`] = `undefined`;
