// Jest Snapshot v1, https://goo.gl/fbAQLP

exports[`test App renders 1`] = `undefined`;
