// Jest Snapshot v1, https://goo.gl/fbAQLP

exports[`test AudioButton renders 1`] = `undefined`;
