// Jest Snapshot v1, https://goo.gl/fbAQLP

exports[`test BirdForm renders 1`] = `undefined`;
