// Jest Snapshot v1, https://goo.gl/fbAQLP

exports[`test Leaderboard renders 1`] = `undefined`;
