// Jest Snapshot v1, https://goo.gl/fbAQLP

exports[`test Question renders 1`] = `undefined`;
