// Jest Snapshot v1, https://goo.gl/fbAQLP

exports[`test QuizQuestion renders 1`] = `undefined`;
