// Jest Snapshot v1, https://goo.gl/fbAQLP

exports[`test ResultPage renders 1`] = `undefined`;
