// Jest Snapshot v1, https://goo.gl/fbAQLP

exports[`test UserPage renders 1`] = `undefined`;
